[
  {
    "Timestamp": "2016-05-30T00:00:00.1811+10:00",
    "Level": "Information",
    "MessageTemplate": "Reader took {Time}ms ({FirstRecord}ms until the first record): {Query}",
    "Properties": {
      "LineNumber": 1,
      "Thread": "2749",
      "Time": 353,
      "FirstRecord": 319,
      "Query": "SELECT * FROM dbo.[Dashboard] ORDER BY Id"
    },
    "Exception": null
  },
  {
    "Timestamp": "2016-05-30T08:49:44.9164+10:00",
    "Level": "Error",
    "MessageTemplate": "Unhandled exception from web server:  {Message}",
    "Properties": {
      "LineNumber": 2,
      "Thread": "2283",
      "Message": "The semaphore timeout period has expired"
    },
    "Exception": "System.Net.HttpListenerException (0x80004005): The semaphore timeout period has expired   at System.Net.HttpResponseStream.Write(Byte[] buffer, Int32 offset, Int32 size)   at System.IO.Compression.DeflateStream.PurgeBuffers(Boolean disposing)   at System.IO.Compression.DeflateStream.Dispose(Boolean disposing)   at System.IO.Stream.Close()   at System.IO.Compression.GZipStream.Dispose(Boolean disposing)   at System.IO.Stream.Close()   at Octopus.Server.Web.Infrastructure.NancyCompression.<>c__DisplayClass3_0.<CompressResponse>b__0(Stream responseStream) in Y:\\work\\refs\\tags\\3.3.15\\source\\Octopus.Server\\Web\\Infrastructure\\NancyCompression.cs:line 100   at Octopus.Server.Web.OctopusNancyHost.OutputWithDefaultTransferEncoding(Response nancyResponse, HttpListenerResponse response) in Y:\\work\\refs\\tags\\3.3.15\\source\\Octopus.Server\\Web\\OctopusNancyHost.cs:line 350   at Octopus.Server.Web.OctopusNancyHost.ConvertNancyResponseToResponse(NancyContext nancyRequest, Response nancyResponse, HttpListenerResponse response) in Y:\\work\\refs\\tags\\3.3.15\\source\\Octopus.Server\\Web\\OctopusNancyHost.cs:line 338   at Nancy.NancyEngineExtensions.HandleRequest(INancyEngine nancyEngine, Request request, Func`2 preRequest, Action`1 onComplete, Action`1 onError, CancellationToken cancellationToken)   at Octopus.Server.Web.OctopusNancyHost.Process(HttpListenerContext ctx) in Y:\\work\\refs\\tags\\3.3.15\\source\\Octopus.Server\\Web\\OctopusNancyHost.cs:line 0"
  },
  {
    "Timestamp": "2016-05-30T08:49:46.0918+10:00",
    "Level": "Information",
    "MessageTemplate": "poll://{Id}/ {Message}",
    "Properties": {
      "LineNumber": 15,
      "Thread": "1717",
      "Id": "b2yf9fvn5hggm5hvjz72",
      "Message": "Request IScriptService::GetStatus[610] / d5d0972f-1db3-4cde-ac71-5e42c9114040 was queued"
    },
    "Exception": null
  },
  {
    "Timestamp": "2016-05-30T08:49:46.0918+10:00",
    "Level": "Information",
    "MessageTemplate": "poll://{Id}/ {Message}",
    "Properties": {
      "LineNumber": 16,
      "Thread": "1717",
      "Id": "b2yf9fvn5hggm5hvjz72",
      "Message": "Request IScriptService::GetStatus[610] / d5d0972f-1db3-4cde-ac71-5e42c9114040 was collected by the polling endpoint"
    },
    "Exception": null
  },
  {
    "Timestamp": "2016-05-30T08:49:46.1074+10:00",
    "Level": "Information",
    "MessageTemplate": "Reader took {Time}ms ({FirstRecord}ms until the first record): {Query}",
    "Properties": {
      "LineNumber": 17,
      "Thread": "1716",
      "Time": 332,
      "FirstRecord": 332,
      "Query": "SELECT * FROM dbo.[Dashboard] WHERE (ProjectId = @projectId) ORDER BY Id"
    },
    "Exception": null
  },
  {
    "Timestamp": "2016-05-30T08:49:46.2636+10:00",
    "Level": "Information",
    "MessageTemplate": "Reader took {Time}ms ({FirstRecord}ms until the first record): {Query}",
    "Properties": {
      "LineNumber": 18,
      "Thread": "2426",
      "Time": 435,
      "FirstRecord": 279,
      "Query": "SELECT * FROM dbo.[Dashboard] ORDER BY Id"
    },
    "Exception": null
  },
  {
    "Timestamp": "2016-05-30T08:49:46.4512+10:00",
    "Level": "Information",
    "MessageTemplate": "listen://{IP}:{Port}/ {Message}",
    "Properties": {
      "LineNumber": 19,
      "Thread": "1056",
      "IP": "[::]",
      "Port": 10943,
      "Message": "Accepted TCP client: [::ffff:82.208.129.105]:63248"
    },
    "Exception": null
  },
  {
    "Timestamp": "2016-05-30T08:49:46.4512+10:00",
    "Level": "Information",
    "MessageTemplate": "listen://{IP}:{Port}/ {Message}",
    "Properties": {
      "LineNumber": 20,
      "Thread": "1062",
      "IP": "[::]",
      "Port": 10943,
      "Message": "Performing TLS server handshake"
    },
    "Exception": null
  },
  {
    "Timestamp": "2016-05-30T08:49:46.498+10:00",
    "Level": "Debug",
    "MessageTemplate": "listen://{IP}:{Port}/ {Message}",
    "Properties": {
      "LineNumber": 21,
      "Thread": "1062",
      "IP": "[::]",
      "Port": 10943,
      "Message": "Secure connection established, client is not yet authenticated, client connected with Tls12"
    },
    "Exception": null
  },
  {
    "Timestamp": "2016-05-30T08:49:46.5918+10:00",
    "Level": "Information",
    "MessageTemplate": "listen://{IP}:{Port}/ {Message}",
    "Properties": {
      "LineNumber": 22,
      "Thread": "1062",
      "IP": "[::]",
      "Port": 10943,
      "Message": "A client at [::ffff:82.208.129.105]:63248 connected, and attempted a message exchange, but it presented a client certificate with the thumbprint '644500E8DEB23FA2FE6E009897A0DC4CA51B07BF' which is not in the list of thumbprints that we trust"
    },
    "Exception": null
  },
  {
    "Timestamp": "2016-05-30T08:49:46.6856+10:00",
    "Level": "Information",
    "MessageTemplate": "poll://{Id}/ {Message}",
    "Properties": {
      "LineNumber": 23,
      "Thread": "2413",
      "Id": "b2yf9fvn5hggm5hvjz72",
      "Message": "Request IScriptService::GetStatus[177] / 25f849d3-fc86-476c-ba02-de8eeb3566dc was queued"
    },
    "Exception": null
  },
  {
    "Timestamp": "2016-05-30T08:49:46.6856+10:00",
    "Level": "Information",
    "MessageTemplate": "poll://{Id}/ {Message}",
    "Properties": {
      "LineNumber": 24,
      "Thread": "2413",
      "Id": "b2yf9fvn5hggm5hvjz72",
      "Message": "Request IScriptService::GetStatus[177] / 25f849d3-fc86-476c-ba02-de8eeb3566dc was collected by the polling endpoint"
    },
    "Exception": null
  },
  {
    "Timestamp": "2016-05-30T08:49:46.7949+10:00",
    "Level": "Information",
    "MessageTemplate": "listen://{IP}:{Port}/ {Message}",
    "Properties": {
      "LineNumber": 25,
      "Thread": "2424",
      "IP": "[::]",
      "Port": 10943,
      "Message": "Accepted TCP client: [::ffff:40.68.217.115]:1215"
    },
    "Exception": null
  },
  {
    "Timestamp": "2016-05-30T12:09:20.3683+10:00",
    "Level": "Information",
    "MessageTemplate": "Reader took {Time}ms ({FirstRecord}ms until the first record): {Query}",
    "Properties": {
      "LineNumber": 26,
      "Thread": "412",
      "Time": 406,
      "FirstRecord": 362,
      "Query": "SELECT * FROM dbo.[Dashboard] ORDER BY Id"
    },
    "Exception": null
  },
  {
    "Timestamp": "2016-05-30T12:09:20.4621+10:00",
    "Level": "Information",
    "MessageTemplate": "Request took {Time}ms: {Method} {Query}",
    "Properties": {
      "LineNumber": 27,
      "Thread": "38",
      "Time": 1320,
      "Method": "POST",
      "Query": "http://octopus.veinteractive.com/api/users/login"
    },
    "Exception": null
  },
  {
    "Timestamp": "2016-05-30T12:09:22.8216+10:00",
    "Level": "Information",
    "MessageTemplate": "listen://{IP}:{Port}/ {Message}",
    "Properties": {
      "LineNumber": 28,
      "Thread": "530",
      "IP": "[::]",
      "Port": 10943,
      "Message": "A client at [::ffff:40.68.217.115]:1198 connected, and attempted a message exchange, but it presented a client certificate with the thumbprint '5A53F4E04DE1216DFCAD66735FD04120DB70C74D' which is not in the list of thumbprints that we trust"
    },
    "Exception": null
  }
]